
> nutri-crm@0.0.0 build
> vite build

[36mvite v7.3.1 [32mbuilding client environment for production...[36m[39m
transforming...
[32mÔ£ô[39m 2868 modules transformed.
rendering chunks...
computing gzip size...
[2mdist/[22m[32mindex.html                    [39m[1m[2m    0.46 kB[22m[1m[22m[2m Ôöé gzip:   0.29 kB[22m
[2mdist/[22m[35massets/index-CP6ew8wR.css     [39m[1m[2m   65.04 kB[22m[1m[22m[2m Ôöé gzip:   9.85 kB[22m
[2mdist/[22m[36massets/purify.es-BpVZ_uCt.js  [39m[1m[2m   21.79 kB[22m[1m[22m[2m Ôöé gzip:   8.63 kB[22m
[2mdist/[22m[36massets/index.es-CWFbD7bm.js   [39m[1m[2m  158.58 kB[22m[1m[22m[2m Ôöé gzip:  52.93 kB[22m
[2mdist/[22m[36massets/index-N93txRPt.js      [39m[1m[33m1,600.55 kB[39m[22m[2m Ôöé gzip: 452.18 kB[22m
node.exe : [33m
En línea: 1 Carácter: 1
+ & "C:\Program 
Files\nodejs/node.exe" 
"C:\Program 
Files\nodejs/node_mo ...
+ ~~~~~~~~~~~~~~~~~~~~~~~~
~~~~~~~~~~~~~~~~~~~~~~~~~~
~~~~~~~~~~~~~~~~~~~
    + CategoryInfo        
      : NotSpecified: (  
  [33m:String) [], Remo   
 teException
    + FullyQualifiedError 
   Id : NativeCommandErr  
  or
 
(!) Some chunks are 
larger than 500 kB after 
minification. Consider:
- Using dynamic import() 
to code-split the 
application
- Use build.rollupOptions.
output.manualChunks to 
improve chunking: https://
rollupjs.org/configuration
-options/#output-manualchu
nks
- Adjust chunk size limit 
for this warning via build
.chunkSizeWarningLimit.[3
9m
[32mÔ£ô built in 7.72s[39m
